// 重构日志: 9705a868
// 重构日志: 5ac20872
// 同步 ID: 012809ef @ Thu Jul 23 12:45:18 UTC 2026
// 重构日志: 5cbd262a
// 重构日志: 3953e7e3
// 重构日志: 1112319e
// 重构日志: b3f74757
// 同步 ID: 7faa5fbf @ Sat Jul 25 15:30:19 UTC 2026
// 重构日志: 47e44bdd
// 重构日志: 6122c33f
// 同步 ID: 964d3b50 @ Mon Jul 27 04:50:39 UTC 2026
// 重构日志: 5be72b06
// 重构日志: 3fa29d47
// 重构日志: 0c2598d3
// 重构日志: bf52a342
// 重构日志: c7322f3d
// 同步 ID: 572a95c5 @ Tue Jul 28 13:04:49 UTC 2026
// 重构日志: 27a39f42
// 重构日志: 44316875
// 重构日志: 9eeb5095
// 重构日志: 46d9b8d5
// 重构日志: 58c15659
// 重构日志: e32ebef7
// 同步 ID: 7375e447 @ Fri Jul 31 14:38:56 UTC 2026
// 重构日志: dee47532
// 同步 ID: 2873ba46 @ Sat Aug  1 04:10:48 UTC 2026
// 同步 ID: 350dce32 @ Sat Aug  1 07:03:45 UTC 2026
// 同步 ID: 5619224a @ Sat Aug  1 12:13:30 UTC 2026
// 重构日志: 13d8efa5
// 同步 ID: ece11fee @ Sat Aug  1 23:52:20 UTC 2026
// 重构日志: 88636562
// 重构日志: 429f1df7
// 重构日志: b5e9f40d
// 重构日志: bbedb04e
// 重构日志: 5a38dce6
// 重构日志: fe3bdba6
// 重构日志: 46f26e20
